U-Boot 2015.04-imx_v2015.04_4.1.15_1.0.0_ga+gd7d7c43 (Jul 14 2017 - 17:06:11)

CPU:   Freescale i.MX6SOLO rev1.3 at 792 MHz
CPU:   Temperature 47 C
Reset cause: POR
Board: i.MX6 HIEC
I2C:   ready
DRAM:  512 MiB
PMIC:  PFUZE100 ID=0x10
NAND:  4096 MiB
MMC:   FSL_SDHC: 0, FSL_SDHC: 1
MMC: no card present
MMC init failed
Using default environment

auto-detected panel LCD-VGA
Display: LCD-VGA (640x480)
In:    serial
Out:   serial
Err:   serial
MMC: no card present
Net:   FEC [PRIME]
Error: FEC address not set.

Boot from USB for mfgtools
Use default environment for                              mfgtools
Run bootcmd_mfg: run mfgtool_args;bootz ${loadaddr} ${initrd_addr} ${fdt_addr};
Hit any key to stop autoboot:  0
Kernel image @ 0x12000000 [ 0x000000 - 0x5ff0e8 ]
## Loading init Ramdisk from Legacy Image at 12c00000 ...
   Image Name:   fsl-image-mfgtool-initramfs-imx6
   Image Type:   ARM Linux RAMDisk Image (gzip compressed)
   Data Size:    8591032 Bytes = 8.2 MiB
   Load Address: 00000000
   Entry Point:  00000000
   Verifying Checksum ... OK
## Flattened Device Tree blob at 18000000
   Booting using the fdt blob at 0x18000000
   Using Device Tree in place at 18000000, end 1800d5a0
switch to ldo_bypass mode!

Starting kernel ...

Booting Linux on physical CPU 0x0
Linux version 4.1.15-1.1.1+gd5d7c02 (hinoeng@Yocto) (gcc version 5.2.0 (GCC) ) #8 SMP PREEMPT Thu Jul 13 18:18:11 JST 2017
CPU: ARMv7 Processor [412fc09a] revision 10 (ARMv7), cr=10c53c7d
CPU: PIPT / VIPT nonaliasing data cache, VIPT aliasing instruction cache
Machine model: Hino iMX6 Solo board
Reserved memory: created CMA memory pool at 0x1c000000, size 320 MiB
Reserved memory: initialized node linux,cma, compatible id shared-dma-pool
Memory policy: Data cache writeback
CPU: All CPU(s) started in SVC mode.
PERCPU: Embedded 12 pages/cpu @8bb2c000 s16960 r8192 d24000 u49152
Built 1 zonelists in Zone order, mobility grouping on.  Total pages: 130048
Kernel command line: console=ttymxc0,115200 rdinit=/linuxrc g_mass_storage.stall=0 g_mass_storage.removable=1 g_mass_storage.file=/fat g_mass_storage.ro=1 g_mass_storage.idVendor=0x066F g_mass_storage.idProduct=0x37FF g_mass_storage.iSerialNumber= enable_wait_mode=off mtdparts=gpmi-nand:64m(boot),16m(kernel),16m(dtb),-(rootfs)
PID hash table entries: 2048 (order: 1, 8192 bytes)
Dentry cache hash table entries: 65536 (order: 6, 262144 bytes)
Inode-cache hash table entries: 32768 (order: 5, 131072 bytes)
Memory: 170836K/524288K available (7850K kernel code, 428K rwdata, 2824K rodata, 428K init, 440K bss, 25772K reserved, 327680K cma-reserved, 0K highmem)
Virtual kernel memory layout:
    vector  : 0xffff0000 - 0xffff1000   (   4 kB)
    fixmap  : 0xffc00000 - 0xfff00000   (3072 kB)
    vmalloc : 0xa0800000 - 0xff000000   (1512 MB)
    lowmem  : 0x80000000 - 0xa0000000   ( 512 MB)
    pkmap   : 0x7fe00000 - 0x80000000   (   2 MB)
    modules : 0x7f000000 - 0x7fe00000   (  14 MB)
      .text : 0x80008000 - 0x80a74bf0   (10675 kB)
      .init : 0x80a75000 - 0x80ae0000   ( 428 kB)
      .data : 0x80ae0000 - 0x80b4b0e0   ( 429 kB)
       .bss : 0x80b4e000 - 0x80bbc240   ( 441 kB)
SLUB: HWalign=64, Order=0-3, MinObjects=0, CPUs=1, Nodes=1
Preemptible hierarchical RCU implementation.
        Additional per-CPU info printed with stalls.
        RCU restricting CPUs from NR_CPUS=4 to nr_cpu_ids=1.
RCU: Adjusting geometry for rcu_fanout_leaf=16, nr_cpu_ids=1
NR_IRQS:16 nr_irqs:16 16
L2C-310 erratum 769419 enabled
L2C-310 enabling early BRESP for Cortex-A9
L2C-310 full line of zeros enabled for Cortex-A9
L2C-310 ID prefetch enabled, offset 16 lines
L2C-310 dynamic clock gating enabled, standby mode enabled
L2C-310 cache controller enabled, 16 ways, 512 kB
L2C-310: CACHE_ID 0x410000c8, AUX_CTRL 0x76050001
mxc_clocksource_init 3000000
Switching to timer-based delay loop, resolution 333ns
sched_clock: 32 bits at 3000kHz, resolution 333ns, wraps every 715827882841ns
clocksource mxc_timer1: mask: 0xffffffff max_cycles: 0xffffffff, max_idle_ns: 637086815595 ns
Console: colour dummy device 80x30
Calibrating delay loop (skipped), value calculated using timer frequency.. 6.00 BogoMIPS (lpj=30000)
pid_max: default: 32768 minimum: 301
Mount-cache hash table entries: 1024 (order: 0, 4096 bytes)
Mountpoint-cache hash table entries: 1024 (order: 0, 4096 bytes)
CPU: Testing write buffer coherency: ok
CPU0: thread -1, cpu 0, socket 0, mpidr 80000000
Setting up static identity map for 0x10008280 - 0x100082d8
Brought up 1 CPUs
SMP: Total of 1 processors activated (6.00 BogoMIPS).
CPU: All CPU(s) started in SVC mode.
devtmpfs: initialized
VFP support v0.3: implementor 41 architecture 3 part 30 variant 9 rev 4
clocksource jiffies: mask: 0xffffffff max_cycles: 0xffffffff, max_idle_ns: 19112604462750000 ns
pinctrl core: initialized pinctrl subsystem
NET: Registered protocol family 16
DMA: preallocated 256 KiB pool for atomic coherent allocations
cpuidle: using governor ladder
cpuidle: using governor menu
CPU identified as i.MX6DL, silicon rev 1.3
anatop_regulator 20c8000.anatop:regulator-vddcore@140: Failed to read a valid default voltage selector.
anatop_regulator: probe of 20c8000.anatop:regulator-vddcore@140 failed with error -22
anatop_regulator 20c8000.anatop:regulator-vddsoc@140: Failed to read a valid default voltage selector.
anatop_regulator: probe of 20c8000.anatop:regulator-vddsoc@140 failed with error -22
hw-breakpoint: found 5 (+1 reserved) breakpoint and 1 watchpoint registers.
hw-breakpoint: maximum watchpoint size is 4 bytes.
imx6dl-pinctrl 20e0000.iomuxc: initialized IMX pinctrl driver
mxs-dma 110000.dma-apbh: initialized
SCSI subsystem initialized
usbcore: registered new interface driver usbfs
usbcore: registered new interface driver hub
usbcore: registered new device driver usb
2000000.aips-bus:usbphy_nop1 supply vcc not found, using dummy regulator
2000000.aips-bus:usbphy_nop2 supply vcc not found, using dummy regulator
i2c i2c-1: IMX I2C adapter registered
i2c i2c-1: can't use DMA
i2c i2c-2: IMX I2C adapter registered
i2c i2c-2: can't use DMA
Linux video capture interface: v2.00
pps_core: LinuxPPS API ver. 1 registered
pps_core: Software ver. 5.3.6 - Copyright 2005-2007 Rodolfo Giometti <giometti@linux.it>
PTP clock support registered
imx-ipuv3 2400000.ipu: IPU DMFC NORMAL mode: 1(0~1), 5B(4,5), 5F(6,7)
MIPI CSI2 driver module loaded
Advanced Linux Sound Architecture Driver Initialized.
Bluetooth: Core ver 2.20
NET: Registered protocol family 31
Bluetooth: HCI device and connection manager initialized
Bluetooth: HCI socket layer initialized
Bluetooth: L2CAP socket layer initialized
Bluetooth: SCO socket layer initialized
Switched to clocksource mxc_timer1
NET: Registered protocol family 2
TCP established hash table entries: 4096 (order: 2, 16384 bytes)
TCP bind hash table entries: 4096 (order: 3, 32768 bytes)
TCP: Hash tables configured (established 4096 bind 4096)
UDP hash table entries: 256 (order: 1, 8192 bytes)
UDP-Lite hash table entries: 256 (order: 1, 8192 bytes)
NET: Registered protocol family 1
RPC: Registered named UNIX socket transport module.
RPC: Registered udp transport module.
RPC: Registered tcp transport module.
RPC: Registered tcp NFSv4.1 backchannel transport module.
Trying to unpack rootfs image as initramfs...
Freeing initrd memory: 8392K (82c00000 - 83432000)
CPU PMU: Failed to parse /soc/pmu/interrupt-affinity[0]
hw perfevents: enabled with armv7_cortex_a9 PMU driver, 7 counters available
imx rpmsg driver is registered.
Bus freq driver module loaded
futex hash table entries: 256 (order: 2, 16384 bytes)
VFS: Disk quotas dquot_6.6.0
VFS: Dquot-cache hash table entries: 1024 (order 0, 4096 bytes)
NFS: Registering the id_resolver key type
Key type id_resolver registered
Key type id_legacy registered
jffs2: version 2.2. (NAND) ï½© 2001-2006 Red Hat, Inc.
fuse init (API version 7.23)
io scheduler noop registered
io scheduler deadline registered
io scheduler cfq registered (default)
imx-weim 21b8000.weim: Driver registered.
backlight supply power not found, using dummy regulator
MIPI DSI driver module loaded
MIPI DSI driver module loaded
mxc_sdc_fb fb@0: registered mxc display driver ldb
Console: switching to colour frame buffer device 80x30
mxc_hdmi 20e0000.hdmi_video: Detected HDMI controller 0x13:0x1a:0xa0:0xc1
fbcvt: 1920x1080@60: CVT Name - 2.073M9
mxc_sdc_fb fb@1: registered mxc display driver hdmi
mxc_sdc_fb fb@1: ipu0-di0 already in use
mxc_sdc_fb: probe of fb@1 failed with error -16
imx-sdma 20ec000.sdma: no iram assigned, using external mem
imx-sdma 20ec000.sdma: no event needs to be remapped
imx-sdma 20ec000.sdma: loaded firmware 3.3
imx-sdma 20ec000.sdma: initialized
pfuze100-regulator 1-0008: Full layer: 2, Metal layer: 1
pfuze100-regulator 1-0008: FAB: 0, FIN: 0
pfuze100-regulator 1-0008: pfuze100 found.
2020000.serial: ttymxc0 at MMIO 0x2020000 (irq = 25, base_baud = 5000000) is a IMX
console [ttymxc0] enabled
21e8000.serial: ttymxc1 at MMIO 0x21e8000 (irq = 296, base_baud = 5000000) is a IMX
imx sema4 driver is registered.
[drm] Initialized drm 1.1.0 20060810
[drm] Initialized vivante 1.0.0 20120216 on minor 0
brd: module loaded
loop: module loaded
nand: device found, Manufacturer ID: 0x2c, Chip ID: 0x68
nand: Micron MT29F32G08ABAAAWP
nand: 4096 MiB, SLC, erase size: 1024 KiB, page size: 8192, OOB size: 448
gpmi-nand 112000.gpmi-nand: enable the asynchronous EDO mode 5
Bad block table found at page 524160, version 0x01
Bad block table found at page 524032, version 0x01
nand_read_bbt: bad block at 0x000005a00000
nand_read_bbt: bad block at 0x000005b00000
4 cmdlinepart partitions found on MTD device gpmi-nand
Creating 4 MTD partitions on "gpmi-nand":
0x000000000000-0x000004000000 : "boot"
0x000004000000-0x000005000000 : "kernel"
0x000005000000-0x000006000000 : "dtb"
0x000006000000-0x000100000000 : "rootfs"
gpmi-nand 112000.gpmi-nand: driver registered.
CAN device driver interface
2188000.ethernet supply phy not found, using dummy regulator
pps pps0: new PPS source ptp0
fec 2188000.ethernet (unnamed net_device) (uninitialized): Invalid MAC address: 00:00:00:00:00:00
fec 2188000.ethernet (unnamed net_device) (uninitialized): Using random MAC address: d2:35:be:4a:69:cc
libphy: fec_enet_mii_bus: probed
fec 2188000.ethernet eth0: registered PHC device 0
ehci_hcd: USB 2.0 'Enhanced' Host Controller (EHCI) Driver
ehci-mxc: Freescale On-Chip EHCI Host driver
usbcore: registered new interface driver usb-storage
usbcore: registered new interface driver usb_ehset_test
2184800.usbmisc supply vbus-wakeup not found, using dummy regulator
usb_otg_vbus: supplied by SWBST
usb_h1_vbus: supplied by SWBST
ci_hdrc ci_hdrc.1: EHCI Host Controller
ci_hdrc ci_hdrc.1: new USB bus registered, assigned bus number 1
ci_hdrc ci_hdrc.1: USB 2.0 started, EHCI 1.00
hub 1-0:1.0: USB hub found
hub 1-0:1.0: 1 port detected
Mass Storage Function, version: 2009/09/11
LUN: removable file: (no medium)
LUN: removable read only file: /fat
Number of LUNs=1
Number of LUNs=1
g_mass_storage gadget: Mass Storage Gadget, version: 2009/09/11
g_mass_storage gadget: g_mass_storage ready
mousedev: PS/2 mouse device common for all mice
input: max11801_ts as /devices/soc0/soc/2100000.aips-bus/21a4000.i2c/i2c-1/1-0048/input/input0
snvs_rtc 20cc000.snvs:snvs-rtc-lp: rtc core: registered 20cc000.snvs:snvs-r as rtc0
i2c /dev entries driver
IR NEC protocol handler initialized
IR RC5(x/sz) protocol handler initialized
IR RC6 protocol handler initialized
IR JVC protocol handler initialized
IR Sony protocol handler initialized
IR SANYO protocol handler initialized
IR Sharp protocol handler initialized
IR MCE Keyboard/mouse protocol handler initialized
IR XMP protocol handler initialized
mxc_v4l2_output v4l2_out: V4L2 device registered as video16
mxc_v4l2_output v4l2_out: V4L2 device registered as video17
max8903-charger max8903@0: request max8903-UOK error!!
max8903-charger: probe of max8903@0 failed with error -16
mag3110 2-000e: check mag3110 chip ID
mag3110 2-000e: read chip ID 0xfffffffb is not equal to 0xc4!
mag3110: probe of 2-000e failed with error -22
imx2-wdt 20c0000.wdog: use WDOG_B to reboot.
imx2-wdt 20c0000.wdog: timeout 60 sec (nowayout=0)
Bluetooth: HCI UART driver ver 2.3
Bluetooth: HCI UART protocol H4 registered
Bluetooth: HCI UART protocol BCSP registered
Bluetooth: HCI UART protocol ATH3K registered
usbcore: registered new interface driver bcm203x
usbcore: registered new interface driver btusb
usbcore: registered new interface driver ath3k
sdhci: Secure Digital Host Controller Interface driver
sdhci: Copyright(c) Pierre Ossman
sdhci-pltfm: SDHCI platform and OF driver helper
/soc/aips-bus@02100000/usdhc@02194000: voltage-ranges unspecified
sdhci-esdhc-imx 2194000.usdhc: Got CD GPIO
sdhci-esdhc-imx 2194000.usdhc: Got WP GPIO
sdhci-esdhc-imx 2194000.usdhc: No vmmc regulator found
sdhci-esdhc-imx 2194000.usdhc: No vqmmc regulator found
mmc1: SDHCI controller on 2194000.usdhc [2194000.usdhc] using ADMA
/soc/aips-bus@02100000/usdhc@02198000: voltage-ranges unspecified
sdhci-esdhc-imx 2198000.usdhc: Got CD GPIO
sdhci-esdhc-imx 2198000.usdhc: Got WP GPIO
sdhci-esdhc-imx 2198000.usdhc: No vmmc regulator found
sdhci-esdhc-imx 2198000.usdhc: No vqmmc regulator found
mmc2: SDHCI controller on 2198000.usdhc [2198000.usdhc] using ADMA
mxc_vpu 2040000.vpu_fsl: VPU initialized
g_mass_storage gadget: high-speed config #1: Linux File-Backed Storage
mxc_vdoa 21e4000.vdoa: i.MX Video Data Order Adapter(VDOA) driver probed
caam 2100000.caam: Entropy delay = 3200
caam 2100000.caam: Instantiated RNG4 SH0
caam 2100000.caam: Instantiated RNG4 SH1
caam 2100000.caam: device ID = 0x0a16010000000100 (Era -524)
caam 2100000.caam: job rings = 2, qi = 0
caam algorithms registered in /proc/crypto
caam_jr 2101000.jr0: registering rng-caam
platform caam_sm: blkkey_ex: 4 keystore units available
platform caam_sm: 64-bit clear key:
platform caam_sm: [0000] 00 01 02 03 04 0f 06 07
platform caam_sm: 64-bit black key:
platform caam_sm: [0000] f3 64 32 44 3f e4 62 6a
platform caam_sm: [0008] ab 4c a7 5b 3e 31 38 c2
platform caam_sm: 128-bit clear key:
platform caam_sm: [0000] 00 01 02 03 04 0f 06 07
platform caam_sm: [0008] 08 09 0a 0b 0c 0d 0e 0f
platform caam_sm: 128-bit black key:
platform caam_sm: [0000] f2 cb 4a 5e 44 63 d7 1e
platform caam_sm: [0008] f5 2a 44 38 8b 89 df c3
platform caam_sm: 192-bit clear key:
platform caam_sm: [0000] 00 01 02 03 04 0f 06 07
platform caam_sm: [0008] 08 09 0a 0b 0c 0d 0e 0f
platform caam_sm: [0016] 10 11 12 13 14 15 16 17
platform caam_sm: 192-bit black key:
platform caam_sm: [0000] 25 0c ee 23 19 d0 21 25
platform caam_sm: [0008] 67 e2 97 a4 90 ea a7 2f
platform caam_sm: [0016] e7 83 67 f0 45 4c ae dc
platform caam_sm: [0024] 27 cb f1 f8 15 10 57 87
platform caam_sm: 256-bit clear key:
platform caam_sm: [0000] 00 01 02 03 04 0f 06 07
platform caam_sm: [0008] 08 09 0a 0b 0c 0d 0e 0f
platform caam_sm: [0016] 10 11 12 13 14 15 16 17
platform caam_sm: [0024] 18 19 1a 1b 1c 1d 1e 1f
platform caam_sm: 256-bit black key:
platform caam_sm: [0000] 13 e7 60 c4 87 23 93 16
platform caam_sm: [0008] 09 9c 1b 9b 7a 88 e4 b3
platform caam_sm: [0016] 8b 74 da fa 5b 0b df eb
platform caam_sm: [0024] 46 6e 21 c9 31 a9 33 d4
platform caam_sm: 64-bit unwritten blob:
platform caam_sm: [0000] 00 00 00 00 00 00 00 00
platform caam_sm: [0008] 00 00 00 00 00 00 00 00
platform caam_sm: [0016] 00 00 00 00 00 00 00 00
platform caam_sm: [0024] 00 00 00 00 00 00 00 00
platform caam_sm: [0032] 00 00 00 00 00 00 00 00
platform caam_sm: [0040] 00 00 00 00 00 00 00 00
platform caam_sm: [0048] 00 00 00 00 00 00 00 00
platform caam_sm: [0056] 00 00 00 00 00 00 00 00
platform caam_sm: [0064] 00 00 00 00 00 00 00 00
platform caam_sm: [0072] 00 00 00 00 00 00 00 00
platform caam_sm: [0080] 00 00 00 00 00 00 00 00
platform caam_sm: [0088] 00 00 00 00 00 00 00 00
platform caam_sm: 128-bit unwritten blob:
platform caam_sm: [0000] 00 00 00 00 00 00 00 00
platform caam_sm: [0008] 00 00 00 00 00 00 00 00
platform caam_sm: [0016] 00 00 00 00 00 00 00 00
platform caam_sm: [0024] 00 00 00 00 00 00 00 00
platform caam_sm: [0032] 00 00 00 00 00 00 00 00
platform caam_sm: [0040] 00 00 00 00 00 00 00 00
platform caam_sm: [0048] 00 00 00 00 00 00 00 00
platform caam_sm: [0056] 00 00 00 00 00 00 00 00
platform caam_sm: [0064] 00 00 00 00 00 00 00 00
platform caam_sm: [0072] 00 00 00 00 00 00 00 00
platform caam_sm: [0080] 00 00 00 00 00 00 00 00
platform caam_sm: [0088] 00 00 00 00 00 00 00 00
platform caam_sm: 196-bit unwritten blob:
platform caam_sm: [0000] 00 00 00 00 00 00 00 00
platform caam_sm: [0008] 00 00 00 00 00 00 00 00
platform caam_sm: [0016] 00 00 00 00 00 00 00 00
platform caam_sm: [0024] 00 00 00 00 00 00 00 00
platform caam_sm: [0032] 00 00 00 00 00 00 00 00
platform caam_sm: [0040] 00 00 00 00 00 00 00 00
platform caam_sm: [0048] 00 00 00 00 00 00 00 00
platform caam_sm: [0056] 00 00 00 00 00 00 00 00
platform caam_sm: [0064] 00 00 00 00 00 00 00 00
platform caam_sm: [0072] 00 00 00 00 00 00 00 00
platform caam_sm: [0080] 00 00 00 00 00 00 00 00
platform caam_sm: [0088] 00 00 00 00 00 00 00 00
platform caam_sm: 256-bit unwritten blob:
platform caam_sm: [0000] 00 00 00 00 00 00 00 00
platform caam_sm: [0008] 00 00 00 00 00 00 00 00
platform caam_sm: [0016] 00 00 00 00 00 00 00 00
platform caam_sm: [0024] 00 00 00 00 00 00 00 00
platform caam_sm: [0032] 00 00 00 00 00 00 00 00
platform caam_sm: [0040] 00 00 00 00 00 00 00 00
platform caam_sm: [0048] 00 00 00 00 00 00 00 00
platform caam_sm: [0056] 00 00 00 00 00 00 00 00
platform caam_sm: [0064] 00 00 00 00 00 00 00 00
platform caam_sm: [0072] 00 00 00 00 00 00 00 00
platform caam_sm: [0080] 00 00 00 00 00 00 00 00
platform caam_sm: [0088] 00 00 00 00 00 00 00 00
platform caam_sm: 64-bit black key in blob:
platform caam_sm: [0000] 9b cb 96 53 2b e7 49 17
platform caam_sm: [0008] a6 c5 0b 7e 36 db 5e 26
platform caam_sm: [0016] 6d 2d 1b 49 81 f3 aa b3
platform caam_sm: [0024] cf 5d 89 64 a5 65 1c d6
platform caam_sm: [0032] b9 11 8c be 44 7a 17 36
platform caam_sm: [0040] 3d dd b6 2f 14 20 af 0a
platform caam_sm: [0048] 14 c8 4b b6 0a ee 86 3f
platform caam_sm: [0056] 00 00 00 00 00 00 00 00
platform caam_sm: [0064] 00 00 00 00 00 00 00 00
platform caam_sm: [0072] 00 00 00 00 00 00 00 00
platform caam_sm: [0080] 00 00 00 00 00 00 00 00
platform caam_sm: [0088] 00 00 00 00 00 00 00 00
platform caam_sm: 128-bit black key in blob:
platform caam_sm: [0000] 76 1f 88 3e d3 d4 a6 95
platform caam_sm: [0008] ab 89 7d b4 12 37 1e e2
platform caam_sm: [0016] ab 1f e5 ef f2 f9 ed 03
platform caam_sm: [0024] a7 d8 ad fd 7c 1e 74 55
platform caam_sm: [0032] a0 34 38 a7 14 06 48 1f
platform caam_sm: [0040] 17 14 82 5d 76 36 a0 17
platform caam_sm: [0048] d0 da 81 5b 74 bf 3a c7
platform caam_sm: [0056] 43 d1 d2 90 07 de be 77
platform caam_sm: [0064] 00 00 00 00 00 00 00 00
platform caam_sm: [0072] 00 00 00 00 00 00 00 00
platform caam_sm: [0080] 00 00 00 00 00 00 00 00
platform caam_sm: [0088] 00 00 00 00 00 00 00 00
platform caam_sm: 192-bit black key in blob:
platform caam_sm: [0000] 8b 21 ac 0f da df e7 7a
platform caam_sm: [0008] 62 56 cc 4e 5c c9 3d 0c
platform caam_sm: [0016] a7 a9 c6 13 42 d3 5c fb
platform caam_sm: [0024] cd a8 d8 61 7d f7 19 fc
platform caam_sm: [0032] a3 a6 d2 7f 1e ca ab 38
platform caam_sm: [0040] 4d 79 f1 b0 c0 0a 7b f9
platform caam_sm: [0048] d0 e4 8a dd 22 bc 74 df
platform caam_sm: [0056] 26 f9 68 32 2f 07 0d e9
platform caam_sm: [0064] 96 fa 89 8b 1b fc 52 e1
platform caam_sm: [0072] 00 00 00 00 00 00 00 00
platform caam_sm: [0080] 00 00 00 00 00 00 00 00
platform caam_sm: [0088] 00 00 00 00 00 00 00 00
platform caam_sm: 256-bit black key in blob:
platform caam_sm: [0000] 16 c3 11 86 20 fd f1 15
platform caam_sm: [0008] 18 74 4b aa 33 e5 79 8f
platform caam_sm: [0016] 1c 16 8c d8 a0 34 b3 88
platform caam_sm: [0024] 1f 90 1e e1 4b 68 51 c9
platform caam_sm: [0032] d7 1f d0 23 6d 45 91 ab
platform caam_sm: [0040] f9 41 3a 66 ac bc cd c7
platform caam_sm: [0048] 23 42 15 97 c0 cc 3c 03
platform caam_sm: [0056] 28 0a 97 02 85 e4 26 3d
platform caam_sm: [0064] 16 ae f2 2a ea 45 df 51
platform caam_sm: [0072] f4 84 a9 04 de a3 d1 65
platform caam_sm: [0080] 00 00 00 00 00 00 00 00
platform caam_sm: [0088] 00 00 00 00 00 00 00 00
platform caam_sm: restored 64-bit black key:
platform caam_sm: [0000] 64 f4 0b 3b 0f 7a df 89
platform caam_sm: [0008] 0e b4 06 2d 53 c5 b2 b5
platform caam_sm: restored 128-bit black key:
platform caam_sm: [0000] f2 cb 4a 5e 44 63 d7 1e
platform caam_sm: [0008] f5 2a 44 38 8b 89 df c3
platform caam_sm: restored 192-bit black key:
platform caam_sm: [0000] 25 0c ee 23 19 d0 21 25
platform caam_sm: [0008] 67 e2 97 a4 90 ea a7 2f
platform caam_sm: [0016] 86 cf e2 98 a4 35 9f 86
platform caam_sm: [0024] bb bd ec dc a3 3e 3e 1f
platform caam_sm: restored 256-bit black key:
platform caam_sm: [0000] 13 e7 60 c4 87 23 93 16
platform caam_sm: [0008] 09 9c 1b 9b 7a 88 e4 b3
platform caam_sm: [0016] 8b 74 da fa 5b 0b df eb
platform caam_sm: [0024] 46 6e 21 c9 31 a9 33 d4
snvs-secvio 20cc000.caam-snvs: can't get snvs clock
snvs-secvio 20cc000.caam-snvs: violation handlers armed - non-secure state
usbcore: registered new interface driver usbhid
usbhid: USB HID core driver
fsl-asrc 2034000.asrc: driver registered
fsl-hdmi-dai soc:hdmi_audio@00120000: failed to probe. Load HDMI-video first.
fsl-hdmi-dai: probe of soc:hdmi_audio@00120000 failed with error -12
imx-wm8962 sound: audmux internal port setup failed
imx-wm8962: probe of sound failed with error -22
imx-audio-hdmi sound-hdmi: initialize HDMI-audio failed. load HDMI-video first!
NET: Registered protocol family 26
NET: Registered protocol family 10
sit: IPv6 over IPv4 tunneling driver
NET: Registered protocol family 17
can: controller area network core (rev 20120528 abi 9)
NET: Registered protocol family 29
can: raw protocol (rev 20120528)
can: broadcast manager protocol (rev 20120528 t)
can: netlink gateway (rev 20130117) max_hops=1
Bluetooth: RFCOMM TTY layer initialized
Bluetooth: RFCOMM socket layer initialized
Bluetooth: RFCOMM ver 1.11
Bluetooth: BNEP (Ethernet Emulation) ver 1.3
Bluetooth: BNEP filters: protocol multicast
Bluetooth: BNEP socket layer initialized
Bluetooth: HIDP (Human Interface Emulation) ver 1.2
Bluetooth: HIDP socket layer initialized
8021q: 802.1Q VLAN Support v1.8
Key type dns_resolver registered
imx_epdc_fb 20f4000.epdc: can't get/select pinctrl
backlight supply power not found, using dummy regulator
backlight supply power not found, using dummy regulator
input: gpio-keys as /devices/soc0/gpio-keys/input/input1
backlight supply power not found, using dummy regulator
snvs_rtc 20cc000.snvs:snvs-rtc-lp: setting system clock to 1970-01-01 00:00:01 UTC (1)
VGEN3: disabling
VGEN2: disabling
VGEN1: disabling
SW4: disabling
wm8962-supply: disabling
usb_otg_vbus: disabling
ALSA device list:
  No soundcards found.
Freeing unused kernel memory: 428K (80a75000 - 80ae0000)
Starting UTP
uuc 0.5 [built Sep 16 2016 02:36:28]
UTP: Waiting for device to appear
UTP: file/device node /dev/utp already exists
cpu_id is 0
UTP: received command '$ mount -t debugfs debugfs /sys/kernel/debug'
UTP: executing "mount -t debugfs debugfs /sys/kernel/debug"
UTP: sending Success to kernel for command $ mount -t debugfs debugfs /sys/kernel/debug.
utp_poll: pass returned.
UTP: received command '$ flash_erase /dev/mtd0 0 0'
UTP: executing "flash_erase /dev/mtd0 0 0"
Erasiutp_poll: pass returned. -- 87 % complete
Erasing 1024 Kibyte @ 3f00000 -- 100 % complete
UTP: sending Success to kernel for command $ flash_erase /dev/mtd0 0 0.
UTP: received command 'send'
UTP: sending Success to kernel for command send.
UTP: received command '$ kobs-ng init -x -v --chip_0_device_path=/dev/mtd0 $FILE'
UTP: executing "kobs-ng init -x -v --chip_0_device_path=/dev/mtd0 $FILE"
MTD CONFIG:
  chip_0_device_path = "/dev/mtd0"
  chip_1_device_path = "(null)"
  search_exponent = 2
  data_setup_time = 80
  data_hold_time = 60
  address_setup_time = 25
  data_sample_time = 6
  row_address_size = 3
  column_address_size = 2
  read_command_code1 = 0
  read_command_code2 = 48
  boot_stream_major_version = 1
  boot_stream_minor_version = 0
  boot_stream_sub_version = 0
  ncb_version = 3
  boot_stream_1_address = 0
  boot_stream_2_address = 0
         -- We add the 1k-padding to the uboot.
.tmp_kobs_ng: verifying using key '00000000000000000000000000000000'
.tmp_kobs_ng: is a valid bootstream for key '00000000000000000000000000000000'
mtd: use new bch layout raw access mode
mtd: opening: "/dev/mtd0"
NFC geometry :
        ECC Strength       : 8
        Page Size in Bytes : 8410
        Metadata size      : 10
        ECC Chunk Size in byte : 512
        ECC Chunk count        : 16
        Block Mark Byte Offset : 7987
        Block Mark Bit Offset  : 0
====================================================
mtd: opened '/dev/mtd0' - '(null)'
mtd: max_boot_stream_size_in_bytes = 29360128
mtd: boot_stream_size_in_bytes = 475136
mtd: boot_stream_size_in_pages = 58
mtd: #1 0x00800000 - 0x02400000 (0x00874000)
mtd: #2 0x02400000 - 0x04000000 (0x02474000)
FCB
  m_u32Checksum = 0x00000000
  m_u32FingerPrint = 0x20424346
  m_u32Version = 0x01000000
  m_NANDTiming.m_u8DataSetup = 80
  m_NANDTiming.m_u8DataHold = 60
  m_NANDTiming.m_u8AddressSetup = 25
  m_NANDTiming.m_u8DSAMPLE_TIME = 6
  m_u32PageDataSize = 8192
  m_u32TotalPageSize = 8640
  m_u32SectorsPerBlock = 128
  m_u32NumberOfNANDs = 0
  m_u32TotalInternalDie = 0
  m_u32CellType = 0
  m_u32EccBlockNEccType = 4
  m_u32EccBlock0Size = 512
  m_u32EccBlockNSize = 512
  m_u32EccBlock0EccType = 4
  m_u32MetadataBytes = 10
  m_u32NumEccBlocksPerPage = 15
  m_u32EccBlockNEccLevelSDK = 0
  m_u32EccBlock0SizeSDK = 0
  m_u32EccBlockNSizeSDK = 0
  m_u32EccBlock0EccLevelSDK = 0
  m_u32NumEccBlocksPerPageSDK = 0
  m_u32MetadataBytesSDK = 0
  m_u32EraseThreshold = 0
  m_u32Firmware1_startingPage = 1024
  m_u32Firmware2_startingPage = 4608
  m_u32PagesInFirmware1 = 58
  m_u32PagesInFirmware2 = 58
  m_u32DBBTSearchAreaStartAddress = 512
  m_u32BadBlockMarkerByte = 7987
  m_u32BadBlockMarkerStartBit = 0
  m_u32BBMarkerPhysicalOffset = 8192
  m_u32BCHType = 0
  m_NANDTMTiming.m_u32TMTiming2_ReadLatency = 0
  m_NANDTMTiming.m_u32TMTiming2_PreambleDelay = 0
  m_NANDTMTiming.m_u32TMTiming2_CEDelay = 0
  m_NANDTMTiming.m_u32TMTiming2_PostambleDelay = 0
  m_NANDTMTiming.m_u32TMTiming2_CmdAddPause = 0
  m_NANDTMTiming.m_u32TMTiming2_DataPause = 0
  m_NANDTMTiming.m_u32TMSpeed = 0
  m_NANDTutp_poll: pass returned.
MTiming.m_u32TMTiming1_BusyTimeout = 0
  m_u32DISBBM = 0
  m_u32BBMarkerPhysicalOffsetInSpareData = 0
DBBT
  m_u32Checksum = 0x00000000
  m_u32FingerPrint = 0x54424244
  m_u32Version = 0x01000000
  m_u32DBBTNumOfPages = 0
Firmware: image #0 @ 0x800000 size 0x74000 - available 0x1c00000
Firmware: image #1 @ 0x2400000 size 0x74000 - available 0x1c00000
-------------- Start to write the [ FCB ] -----
mtd: erasing @0:0x0-0x100000
mtd: Writing FCB0 [ @0:0x0 ] (21c0) *
mtd: erasing @0:0x100000-0x200000
mtd: Writing FCB1 [ @0:0x100000 ] (21c0) *
mtd: erasing @0:0x200000-0x300000
mtd: Writing FCB2 [ @0:0x200000 ] (21c0) *
mtd: erasing @0:0x300000-0x400000
mtd: Writing FCB3 [ @0:0x300000 ] (21c0) *
mtd_commit_bcb(FCB): status 0

-------------- Start to write the [ DBBT ] -----
mtd: erasing @0:0x400000-0x500000
mtd: Writing DBBT0 [ @0:0x400000 ] (2000) *
mtd: erasing @0:0x500000-0x600000
mtd: Writing DBBT1 [ @0:0x500000 ] (2000) *
mtd: erasing @0:0x600000-0x700000
mtd: Writing DBBT2 [ @0:0x600000 ] (2000) *
mtd: erasing @0:0x700000-0x800000
mtd: Writing DBBT3 [ @0:0x700000 ] (2000) *
mtd_commit_bcb(DBBT): status 0

---------- Start to write the [ .tmp_kobs_ng ]----
mtd: Writting .tmp_kobs_ng: #0 @0: 0x00800000 - 0x00874000
mtd: erasing @0:0x800000-0x900000
mtd: We write one page for save guard. *
mtd: Writting .tmp_kobs_ng: #1 @0: 0x02400000 - 0x02474000
mtd: erasing @0:0x2400000-0x2500000
mtd: We write one page for save guard. *
UTP: sending Success to kernel for command $ kobs-ng init -x -v --chip_0_device_path=/dev/mtd0 $FILE.
UTP: received command '$ flash_erase /dev/mtd1 0 0'
UTP: executing "flash_erase /dev/mtd1 0 0"
Erasing 1024 Kibyte @ f00000 -- 100 % complete
UTP: sending Success to kernel for command $ flash_erase /dev/mtd1 0 0.
utp_poll: pass returned.
UTP: received command 'send'
UTP: sending Success to kernel for command send.
UTP: received command '$ nandwrite -p /dev/mtd1 -p $FILE'
UTP: executing "nandwrite -p /dev/mtd1 -p $FILE"
Writing data to block 0 at offset 0x0
Writing data to block 1 at offset 0x100000
Writing data to block 2 at offset 0x200000
Writing data to block 3 at offset 0x300000
Writing data to block 4 at offset 0x400000
random: nonblocking pool is initialized
Writing data to block 5 at offset 0x500000
UTP: sending Success to kernel for command $ nandwrite -p /dev/mtd1 -p $FILE.
utp_poll: pass returned.
UTP: received command '$ flash_erase /dev/mtd2 0 0'
UTP: executing "flash_erase /dev/mtd2 0 0"
Erasing 1024 Kibyte @ 900000 -- 56 % complete flash_erase: Skipping bad block at 00a00000
flash_erase: Skipping bad block at 00b00000
Erasing 1024 Kibyte @ f00000 -- 100 % complete
UTP: sending Success to kernel for command $ flash_erase /dev/mtd2 0 0.
utp_poll: pass returned.
UTP: received command 'send'
UTP: sending Success to kernel for command send.
UTP: received command '$ nandwrite -p /dev/mtd2 -p $FILE'
UTP: executing "nandwrite -p /dev/mtd2 -p $FILE"
Writing data to block 0 at offset 0x0
UTP: sending Success to kernel for command $ nandwrite -p /dev/mtd2 -p $FILE.
utp_poll: pass returned.
UTP: received command '$ flash_erase /dev/mtd3 0 0'
UTP: executing "flash_erase /dev/mtd3 0 0"
Erasing 1024 Kibyte @ cdc00000 -- 82 % complete